// Jest Snapshot v1, https://goo.gl/fbAQLP

exports[`todoItem should match with snapshot 1`] = `
<div>
  <span
    class="align-self-center false"
    id="todo-item-description"
  >
    Learn React
  </span>
  <button
    class="btn btn-danger"
    id="todo-item-delete-button"
    type="button"
  >
    Delete
  </button>
</div>
`;
